FROM node

COPY . .

RUN npm install --only=production

CMD node index.js