FROM python:3.11-slim

COPY . .

RUN pip install -r requirements.txt \
    && apt-get update && apt-get install -y --no-install-recommends httpie \
    && rm -rf /var/lib/apt/lists/* \
    && http http://example.com -o file.html

CMD python3 main.py